// Vitest Snapshot v1, https://vitest.dev/guide/snapshot.html

exports[`scheduler semantic baseline > preserves the complete default scheduling result during responsibility extraction 1`] = `
{
  "assignments": [
    {
      "decisionTrace": [
        {
          "message": "刘红在“人员编号”判断中优先于严晓珂",
          "outcome": "selected",
          "ruleId": "staff-id",
          "stage": "stable-order",
        },
      ],
      "endTime": "10:30",
      "fatiguePoints": 4,
      "flightId": "flight-cx937",
      "flightNo": "CX937",
      "id": "assignment-1",
      "manualRemark": "",
      "position": "督导",
      "positionRuleId": "position-cx937-%E7%9D%A3%E5%AF%BC",
      "remark": "",
      "staffId": "1",
      "staffName": "刘红",
      "startTime": "08:30",
      "status": "assigned",
      "workHours": 2,
    },
    {
      "decisionTrace": [
        {
          "message": "肖萍在“值班岗位锁定”判断中优先于陈睿康",
          "outcome": "selected",
          "ruleId": "duty-position",
          "stage": "reserved-assignment",
        },
      ],
      "endTime": "10:30",
      "fatiguePoints": 2,
      "flightId": "flight-cx937",
      "flightNo": "CX937",
      "id": "assignment-2",
      "manualRemark": "",
      "position": "G12",
      "positionRuleId": "position-cx937-g12",
      "remark": "",
      "staffId": "5",
      "staffName": "肖萍",
      "startTime": "08:30",
      "status": "assigned",
      "workHours": 2,
    },
    {
      "decisionTrace": [
        {
          "message": "陈睿康在“人员编号”判断中优先于郭萌",
          "outcome": "selected",
          "ruleId": "staff-id",
          "stage": "stable-order",
        },
      ],
      "endTime": "10:30",
      "fatiguePoints": 2,
      "flightId": "flight-cx937",
      "flightNo": "CX937",
      "id": "assignment-3",
      "manualRemark": "",
      "position": "G13",
      "positionRuleId": "position-cx937-g13",
      "remark": "",
      "staffId": "6",
      "staffName": "陈睿康",
      "startTime": "08:30",
      "status": "assigned",
      "workHours": 2,
    },
    {
      "decisionTrace": [
        {
          "message": "郭萌在“人员编号”判断中优先于叶琳",
          "outcome": "selected",
          "ruleId": "staff-id",
          "stage": "stable-order",
        },
      ],
      "endTime": "10:30",
      "fatiguePoints": 2,
      "flightId": "flight-cx937",
      "flightNo": "CX937",
      "id": "assignment-4",
      "manualRemark": "",
      "position": "G14",
      "positionRuleId": "position-cx937-g14",
      "remark": "",
      "staffId": "8",
      "staffName": "郭萌",
      "startTime": "08:30",
      "status": "assigned",
      "workHours": 2,
    },
    {
      "decisionTrace": [
        {
          "message": "叶琳在“人员编号”判断中优先于董玲",
          "outcome": "selected",
          "ruleId": "staff-id",
          "stage": "stable-order",
        },
      ],
      "endTime": "10:30",
      "fatiguePoints": 2,
      "flightId": "flight-cx937",
      "flightNo": "CX937",
      "id": "assignment-5",
      "manualRemark": "",
      "position": "G15",
      "positionRuleId": "position-cx937-g15",
      "remark": "",
      "staffId": "9",
      "staffName": "叶琳",
      "startTime": "08:30",
      "status": "assigned",
      "workHours": 2,
    },
    {
      "decisionTrace": [
        {
          "message": "董玲在“人员编号”判断中优先于严晓珂",
          "outcome": "selected",
          "ruleId": "staff-id",
          "stage": "stable-order",
        },
      ],
      "endTime": "10:30",
      "fatiguePoints": 2.5,
      "flightId": "flight-cx937",
      "flightNo": "CX937",
      "id": "assignment-6",
      "manualRemark": "",
      "position": "G16",
      "positionRuleId": "position-cx937-g16",
      "remark": "排查",
      "staffId": "10",
      "staffName": "董玲",
      "startTime": "08:30",
      "status": "assigned",
      "workHours": 2,
    },
    {
      "decisionTrace": [
        {
          "message": "张奇在“人员编号”判断中优先于陈睿康",
          "outcome": "selected",
          "ruleId": "staff-id",
          "stage": "stable-order",
        },
      ],
      "endTime": "10:30",
      "fatiguePoints": 3,
      "flightId": "flight-cx937",
      "flightNo": "CX937",
      "id": "assignment-7",
      "manualRemark": "",
      "position": "G17",
      "positionRuleId": "position-cx937-g17",
      "remark": "申报",
      "staffId": "3",
      "staffName": "张奇",
      "startTime": "08:30",
      "status": "assigned",
      "workHours": 2,
    },
    {
      "decisionTrace": [
        {
          "message": "华嘉慧在“人员编号”判断中优先于刘翔",
          "outcome": "selected",
          "ruleId": "staff-id",
          "stage": "stable-order",
        },
      ],
      "endTime": "10:30",
      "fatiguePoints": 5,
      "flightId": "flight-cx937",
      "flightNo": "CX937",
      "id": "assignment-8",
      "manualRemark": "",
      "position": "G18",
      "positionRuleId": "position-cx937-g18",
      "remark": "控制",
      "staffId": "2",
      "staffName": "华嘉慧",
      "startTime": "08:30",
      "status": "assigned",
      "workHours": 2,
    },
    {
      "decisionTrace": [
        {
          "message": "秦雁在“人员编号”判断中优先于叶琳",
          "outcome": "selected",
          "ruleId": "staff-id",
          "stage": "stable-order",
        },
      ],
      "endTime": "10:30",
      "fatiguePoints": 2,
      "flightId": "flight-cx937",
      "flightNo": "CX937",
      "id": "assignment-9",
      "manualRemark": "",
      "position": "G19",
      "positionRuleId": "position-cx937-g19",
      "remark": "",
      "staffId": "4",
      "staffName": "秦雁",
      "startTime": "08:30",
      "status": "assigned",
      "workHours": 2,
    },
    {
      "decisionTrace": [
        {
          "message": "刘翔在“人员编号”判断中优先于叶琳",
          "outcome": "selected",
          "ruleId": "staff-id",
          "stage": "stable-order",
        },
      ],
      "endTime": "10:30",
      "fatiguePoints": 4,
      "flightId": "flight-cx937",
      "flightNo": "CX937",
      "id": "assignment-10",
      "manualRemark": "",
      "position": "G20",
      "positionRuleId": "position-cx937-g20",
      "remark": "一号",
      "staffId": "7",
      "staffName": "刘翔",
      "startTime": "08:30",
      "status": "assigned",
      "workHours": 2,
    },
    {
      "endTime": "10:30",
      "fatiguePoints": 2.5,
      "flightId": "flight-cx937",
      "flightNo": "CX937",
      "id": "assignment-11",
      "manualRemark": "",
      "position": "超规柜台",
      "positionRuleId": "position-cx937-%E8%B6%85%E8%A7%84%E6%9F%9C%E5%8F%B0",
      "remark": "",
      "staffId": null,
      "staffName": "",
      "startTime": "08:30",
      "status": "unfilled",
      "systemNotes": [
        "因合格人数不足而无法填满（缺少 1 人：具备岗位资质 0 人）",
      ],
      "workHours": 2,
    },
    {
      "endTime": "10:30",
      "fatiguePoints": 0,
      "flightId": "flight-cx937",
      "flightNo": "CX937",
      "id": "assignment-12",
      "manualRemark": "",
      "position": "柜台引导1",
      "positionRuleId": "position-cx937-1",
      "remark": "",
      "staffId": "7",
      "staffName": "刘翔",
      "startTime": "08:30",
      "status": "assigned",
      "workHours": 0,
    },
    {
      "endTime": "10:30",
      "fatiguePoints": 0,
      "flightId": "flight-cx937",
      "flightNo": "CX937",
      "id": "assignment-13",
      "manualRemark": "",
      "position": "柜台引导2",
      "positionRuleId": "position-cx937-2",
      "remark": "",
      "staffId": "4",
      "staffName": "秦雁",
      "startTime": "08:30",
      "status": "assigned",
      "workHours": 0,
    },
    {
      "endTime": "10:30",
      "fatiguePoints": 0,
      "flightId": "flight-cx937",
      "flightNo": "CX937",
      "id": "assignment-14",
      "manualRemark": "",
      "position": "超规行李引导",
      "positionRuleId": "position-cx937-%E8%B6%85%E8%A7%84%E8%A1%8C%E6%9D%8E%E5%BC%95%E5%AF%BC",
      "remark": "",
      "staffId": "2",
      "staffName": "华嘉慧",
      "startTime": "08:30",
      "status": "assigned",
      "workHours": 0,
    },
    {
      "decisionTrace": [
        {
          "message": "严晓珂在“人员编号”判断中优先于黄海盈",
          "outcome": "selected",
          "ruleId": "staff-id",
          "stage": "stable-order",
        },
      ],
      "endTime": "17:25",
      "fatiguePoints": 3.5,
      "flightId": "flight-fd573",
      "flightNo": "FD573",
      "id": "assignment-15",
      "manualRemark": "",
      "position": "督导/引导",
      "positionRuleId": "position-fd573-%E7%9D%A3%E5%AF%BC%2F%E5%BC%95%E5%AF%BC",
      "remark": "",
      "staffId": "11",
      "staffName": "严晓珂",
      "startTime": "15:25",
      "status": "assigned",
      "workHours": 2,
    },
    {
      "decisionTrace": [
        {
          "message": "黄海盈在“人员编号”判断中优先于曾子卓",
          "outcome": "selected",
          "ruleId": "staff-id",
          "stage": "stable-order",
        },
      ],
      "endTime": "17:25",
      "fatiguePoints": 4,
      "flightId": "flight-fd573",
      "flightNo": "FD573",
      "id": "assignment-16",
      "manualRemark": "",
      "position": "G07",
      "positionRuleId": "position-fd573-g07",
      "remark": "一号",
      "staffId": "12",
      "staffName": "黄海盈",
      "startTime": "15:25",
      "status": "assigned",
      "workHours": 2,
    },
    {
      "decisionTrace": [
        {
          "message": "曾子卓在“人员编号”判断中优先于杨洁涵",
          "outcome": "selected",
          "ruleId": "staff-id",
          "stage": "stable-order",
        },
      ],
      "endTime": "17:25",
      "fatiguePoints": 3,
      "flightId": "flight-fd573",
      "flightNo": "FD573",
      "id": "assignment-17",
      "manualRemark": "",
      "position": "G08",
      "positionRuleId": "position-fd573-g08",
      "remark": "申报",
      "staffId": "13",
      "staffName": "曾子卓",
      "startTime": "15:25",
      "status": "assigned",
      "workHours": 2,
    },
    {
      "decisionTrace": [
        {
          "message": "杨洁涵在“人员编号”判断中优先于刘燕琼",
          "outcome": "selected",
          "ruleId": "staff-id",
          "stage": "stable-order",
        },
      ],
      "endTime": "17:25",
      "fatiguePoints": 2.5,
      "flightId": "flight-fd573",
      "flightNo": "FD573",
      "id": "assignment-18",
      "manualRemark": "",
      "position": "G09",
      "positionRuleId": "position-fd573-g09",
      "remark": "排查",
      "staffId": "14",
      "staffName": "杨洁涵",
      "startTime": "15:25",
      "status": "assigned",
      "workHours": 2,
    },
    {
      "decisionTrace": [
        {
          "message": "刘燕琼在“人员编号”判断中优先于罗敏",
          "outcome": "selected",
          "ruleId": "staff-id",
          "stage": "stable-order",
        },
      ],
      "endTime": "17:25",
      "fatiguePoints": 1,
      "flightId": "flight-fd573",
      "flightNo": "FD573",
      "id": "assignment-19",
      "manualRemark": "",
      "position": "G10",
      "positionRuleId": "position-fd573-g10",
      "remark": "",
      "staffId": "15",
      "staffName": "刘燕琼",
      "startTime": "15:25",
      "status": "assigned",
      "workHours": 2,
    },
    {
      "decisionTrace": [
        {
          "message": "刘红在“滚动负荷保护”判断中优先于严晓珂",
          "outcome": "selected",
          "ruleId": "rolling-load",
          "stage": "protection",
        },
      ],
      "endTime": "19:50",
      "fatiguePoints": 5,
      "flightId": "flight-cx931",
      "flightNo": "CX931",
      "id": "assignment-20",
      "manualRemark": "",
      "position": "督导",
      "positionRuleId": "position-cx931-%E7%9D%A3%E5%AF%BC",
      "remark": "",
      "staffId": "1",
      "staffName": "刘红",
      "startTime": "17:50",
      "status": "assigned",
      "workHours": 2,
    },
    {
      "decisionTrace": [
        {
          "message": "陈睿康在“人员编号”判断中优先于郭萌",
          "outcome": "selected",
          "ruleId": "staff-id",
          "stage": "stable-order",
        },
      ],
      "endTime": "19:50",
      "fatiguePoints": 2,
      "flightId": "flight-cx931",
      "flightNo": "CX931",
      "id": "assignment-21",
      "manualRemark": "",
      "position": "G12",
      "positionRuleId": "position-cx931-g12",
      "remark": "",
      "staffId": "6",
      "staffName": "陈睿康",
      "startTime": "17:50",
      "status": "assigned",
      "workHours": 2,
    },
    {
      "decisionTrace": [
        {
          "message": "郭萌在“人员编号”判断中优先于叶琳",
          "outcome": "selected",
          "ruleId": "staff-id",
          "stage": "stable-order",
        },
      ],
      "endTime": "19:50",
      "fatiguePoints": 2,
      "flightId": "flight-cx931",
      "flightNo": "CX931",
      "id": "assignment-22",
      "manualRemark": "",
      "position": "G13",
      "positionRuleId": "position-cx931-g13",
      "remark": "",
      "staffId": "8",
      "staffName": "郭萌",
      "startTime": "17:50",
      "status": "assigned",
      "workHours": 2,
    },
    {
      "decisionTrace": [
        {
          "message": "叶琳在“工时与疲劳均衡”判断中优先于董玲",
          "outcome": "selected",
          "ruleId": "workload-balance",
          "stage": "protection",
        },
      ],
      "endTime": "19:50",
      "fatiguePoints": 2,
      "flightId": "flight-cx931",
      "flightNo": "CX931",
      "id": "assignment-23",
      "manualRemark": "",
      "position": "G14",
      "positionRuleId": "position-cx931-g14",
      "remark": "",
      "staffId": "9",
      "staffName": "叶琳",
      "startTime": "17:50",
      "status": "assigned",
      "workHours": 2,
    },
    {
      "decisionTrace": [
        {
          "message": "董玲在“人员编号”判断中优先于杨洁涵",
          "outcome": "selected",
          "ruleId": "staff-id",
          "stage": "stable-order",
        },
      ],
      "endTime": "19:50",
      "fatiguePoints": 2,
      "flightId": "flight-cx931",
      "flightNo": "CX931",
      "id": "assignment-24",
      "manualRemark": "",
      "position": "G15",
      "positionRuleId": "position-cx931-g15",
      "remark": "",
      "staffId": "10",
      "staffName": "董玲",
      "startTime": "17:50",
      "status": "assigned",
      "workHours": 2,
    },
    {
      "decisionTrace": [
        {
          "message": "张奇在“历史疲劳”判断中优先于严晓珂",
          "outcome": "selected",
          "ruleId": "historical-fatigue",
          "stage": "stable-order",
        },
      ],
      "endTime": "19:50",
      "fatiguePoints": 2.5,
      "flightId": "flight-cx931",
      "flightNo": "CX931",
      "id": "assignment-25",
      "manualRemark": "",
      "position": "G16",
      "positionRuleId": "position-cx931-g16",
      "remark": "排查",
      "staffId": "3",
      "staffName": "张奇",
      "startTime": "17:50",
      "status": "assigned",
      "workHours": 2,
    },
    {
      "decisionTrace": [
        {
          "message": "刘燕琼在“工时与疲劳均衡”判断中优先于陈睿康",
          "outcome": "selected",
          "ruleId": "workload-balance",
          "stage": "protection",
        },
      ],
      "endTime": "19:50",
      "fatiguePoints": 3,
      "flightId": "flight-cx931",
      "flightNo": "CX931",
      "id": "assignment-26",
      "manualRemark": "",
      "position": "G17",
      "positionRuleId": "position-cx931-g17",
      "remark": "申报",
      "staffId": "15",
      "staffName": "刘燕琼",
      "startTime": "17:50",
      "status": "assigned",
      "workHours": 2,
    },
    {
      "decisionTrace": [
        {
          "message": "刘翔在“历史疲劳”判断中优先于华嘉慧",
          "outcome": "selected",
          "ruleId": "historical-fatigue",
          "stage": "stable-order",
        },
      ],
      "endTime": "19:50",
      "fatiguePoints": 6,
      "flightId": "flight-cx931",
      "flightNo": "CX931",
      "id": "assignment-27",
      "manualRemark": "",
      "position": "G18",
      "positionRuleId": "position-cx931-g18",
      "remark": "控制",
      "staffId": "7",
      "staffName": "刘翔",
      "startTime": "17:50",
      "status": "assigned",
      "workHours": 2,
    },
    {
      "decisionTrace": [
        {
          "message": "秦雁在“人员编号”判断中优先于叶琳",
          "outcome": "selected",
          "ruleId": "staff-id",
          "stage": "stable-order",
        },
      ],
      "endTime": "19:50",
      "fatiguePoints": 2,
      "flightId": "flight-cx931",
      "flightNo": "CX931",
      "id": "assignment-28",
      "manualRemark": "",
      "position": "G19",
      "positionRuleId": "position-cx931-g19",
      "remark": "",
      "staffId": "4",
      "staffName": "秦雁",
      "startTime": "17:50",
      "status": "assigned",
      "workHours": 2,
    },
    {
      "decisionTrace": [
        {
          "message": "罗敏在“当日在岗覆盖”判断中优先于叶琳",
          "outcome": "selected",
          "ruleId": "staff-coverage",
          "stage": "protection",
        },
      ],
      "endTime": "19:50",
      "fatiguePoints": 4,
      "flightId": "flight-cx931",
      "flightNo": "CX931",
      "id": "assignment-29",
      "manualRemark": "",
      "position": "G20",
      "positionRuleId": "position-cx931-g20",
      "remark": "一号",
      "staffId": "16",
      "staffName": "罗敏",
      "startTime": "17:50",
      "status": "assigned",
      "workHours": 2,
    },
    {
      "decisionTrace": [
        {
          "message": "董玲在“滚动负荷保护”判断中优先于张奇",
          "outcome": "selected",
          "ruleId": "rolling-load",
          "stage": "protection",
        },
      ],
      "endTime": "23:55",
      "fatiguePoints": 9.5,
      "flightId": "flight-tr121",
      "flightNo": "TR121",
      "id": "assignment-30",
      "manualRemark": "",
      "position": "督导",
      "positionRuleId": "position-tr121-%E7%9D%A3%E5%AF%BC",
      "remark": "",
      "staffId": "10",
      "staffName": "董玲",
      "startTime": "21:55",
      "status": "assigned",
      "workHours": 2,
    },
    {
      "decisionTrace": [
        {
          "message": "值班人员肖萍按优先级第1项锁定TR121/H02",
          "outcome": "selected",
          "ruleId": "duty-position",
          "stage": "reserved-assignment",
        },
      ],
      "endTime": "23:55",
      "fatiguePoints": 10,
      "flightId": "flight-tr121",
      "flightNo": "TR121",
      "id": "assignment-31",
      "manualRemark": "",
      "position": "H02",
      "positionRuleId": "position-tr121-h02",
      "remark": "一号",
      "staffId": "5",
      "staffName": "肖萍",
      "startTime": "21:55",
      "status": "assigned",
      "workHours": 2,
    },
    {
      "decisionTrace": [
        {
          "message": "秦雁在“人员编号”判断中优先于郭萌",
          "outcome": "selected",
          "ruleId": "staff-id",
          "stage": "stable-order",
        },
      ],
      "endTime": "23:55",
      "fatiguePoints": 6,
      "flightId": "flight-tr121",
      "flightNo": "TR121",
      "id": "assignment-32",
      "manualRemark": "",
      "position": "H03",
      "positionRuleId": "position-tr121-h03",
      "remark": "",
      "staffId": "4",
      "staffName": "秦雁",
      "startTime": "21:55",
      "status": "assigned",
      "workHours": 2,
    },
    {
      "decisionTrace": [
        {
          "message": "陈睿康在“人员编号”判断中优先于郭萌",
          "outcome": "selected",
          "ruleId": "staff-id",
          "stage": "stable-order",
        },
      ],
      "endTime": "23:55",
      "fatiguePoints": 7,
      "flightId": "flight-tr121",
      "flightNo": "TR121",
      "id": "assignment-33",
      "manualRemark": "",
      "position": "H04",
      "positionRuleId": "position-tr121-h04",
      "remark": "申报",
      "staffId": "6",
      "staffName": "陈睿康",
      "startTime": "21:55",
      "status": "assigned",
      "workHours": 2,
    },
    {
      "decisionTrace": [
        {
          "message": "华嘉慧在“滚动负荷保护”判断中优先于陈睿康",
          "outcome": "selected",
          "ruleId": "rolling-load",
          "stage": "protection",
        },
      ],
      "endTime": "23:55",
      "fatiguePoints": 7,
      "flightId": "flight-tr121",
      "flightNo": "TR121",
      "id": "assignment-34",
      "manualRemark": "",
      "position": "H05",
      "positionRuleId": "position-tr121-h05",
      "remark": "送资料",
      "staffId": "2",
      "staffName": "华嘉慧",
      "startTime": "21:55",
      "status": "assigned",
      "workHours": 2,
    },
    {
      "decisionTrace": [
        {
          "message": "杨洁涵在“工时与疲劳均衡”判断中优先于曾子卓",
          "outcome": "selected",
          "ruleId": "workload-balance",
          "stage": "protection",
        },
      ],
      "endTime": "23:55",
      "fatiguePoints": 2,
      "flightId": "flight-tr121",
      "flightNo": "TR121",
      "id": "assignment-35",
      "manualRemark": "",
      "position": "H06",
      "positionRuleId": "position-tr121-h06",
      "remark": "",
      "staffId": "14",
      "staffName": "杨洁涵",
      "startTime": "21:55",
      "status": "assigned",
      "workHours": 2,
    },
    {
      "decisionTrace": [
        {
          "message": "曾子卓在“工时与疲劳均衡”判断中优先于严晓珂",
          "outcome": "selected",
          "ruleId": "workload-balance",
          "stage": "protection",
        },
      ],
      "endTime": "23:55",
      "fatiguePoints": 2,
      "flightId": "flight-tr121",
      "flightNo": "TR121",
      "id": "assignment-36",
      "manualRemark": "",
      "position": "H07",
      "positionRuleId": "position-tr121-h07",
      "remark": "",
      "staffId": "13",
      "staffName": "曾子卓",
      "startTime": "21:55",
      "status": "assigned",
      "workHours": 2,
    },
    {
      "decisionTrace": [
        {
          "message": "严晓珂在“工时与疲劳均衡”判断中优先于郭萌",
          "outcome": "selected",
          "ruleId": "workload-balance",
          "stage": "protection",
        },
      ],
      "endTime": "23:55",
      "fatiguePoints": 2,
      "flightId": "flight-tr121",
      "flightNo": "TR121",
      "id": "assignment-37",
      "manualRemark": "",
      "position": "H08",
      "positionRuleId": "position-tr121-h08",
      "remark": "",
      "staffId": "11",
      "staffName": "严晓珂",
      "startTime": "21:55",
      "status": "assigned",
      "workHours": 2,
    },
    {
      "decisionTrace": [
        {
          "message": "郭萌在“人员编号”判断中优先于叶琳",
          "outcome": "selected",
          "ruleId": "staff-id",
          "stage": "stable-order",
        },
      ],
      "endTime": "23:55",
      "fatiguePoints": 2,
      "flightId": "flight-tr121",
      "flightNo": "TR121",
      "id": "assignment-38",
      "manualRemark": "",
      "position": "H09",
      "positionRuleId": "position-tr121-h09",
      "remark": "",
      "staffId": "8",
      "staffName": "郭萌",
      "startTime": "21:55",
      "status": "assigned",
      "workHours": 2,
    },
    {
      "endTime": "23:55",
      "fatiguePoints": 5,
      "flightId": "flight-tr121",
      "flightNo": "TR121",
      "id": "assignment-39",
      "manualRemark": "",
      "position": "收费/引导",
      "positionRuleId": "position-tr121-%E6%94%B6%E8%B4%B9%2F%E5%BC%95%E5%AF%BC",
      "remark": "",
      "staffId": "15",
      "staffName": "刘燕琼",
      "startTime": "21:55",
      "status": "assigned",
      "workHours": 2,
    },
  ],
  "feedback": [
    {
      "evidence": "当天 4 个航班，0 组相邻航班起飞间隔不超过 120 分钟，最短 145 分钟；1 个常规岗位待补位，需要人工复核。",
      "group": "flight-staff",
      "key": "coverage",
      "label": "人员覆盖",
      "level": "attention",
      "status": "需复核",
      "text": "当天 4 个航班，0 组相邻航班起飞间隔不超过 120 分钟，最短 145 分钟；1 个常规岗位待补位，需要人工复核。",
    },
    {
      "evidence": "航班负荷密集；工时差 4.0 小时（黄海盈 2.0h，刘燕琼 6.0h）；滚动工时差 4.0 小时；当日疲劳差 20.0 点（叶琳 4.0，肖萍 24.0）；总疲劳最高为肖萍 24.0 点。规则目标为工时差不超过 2.0 小时、当日疲劳差不超过 4.0 点。",
      "group": "flight-staff",
      "key": "fatigue",
      "label": "负荷均衡",
      "level": "attention",
      "status": "需复核",
      "text": "航班负荷密集；工时差 4.0 小时（黄海盈 2.0h，刘燕琼 6.0h）；滚动工时差 4.0 小时；当日疲劳差 20.0 点（叶琳 4.0，肖萍 24.0）；总疲劳最高为肖萍 24.0 点。规则目标为工时差不超过 2.0 小时、当日疲劳差不超过 4.0 点。",
    },
    {
      "evidence": "刘燕琼的 FD573→CX931 间隔仅 25 分钟，现场衔接可能紧张。",
      "group": "flight-staff",
      "key": "connections",
      "label": "航班衔接",
      "level": "attention",
      "status": "需复核",
      "text": "刘燕琼的 FD573→CX931 间隔仅 25 分钟，现场衔接可能紧张。",
    },
    {
      "evidence": "共 11 个12点前常规岗位；CX937/超规柜台：因合格人数不足而无法填满（缺少 1 人：具备岗位资质 0 人）。",
      "group": "rule-execution",
      "key": "morning-priority",
      "label": "12点前岗位完整性",
      "level": "attention",
      "status": "需复核",
      "text": "共 11 个12点前常规岗位；CX937/超规柜台：因合格人数不足而无法填满（缺少 1 人：具备岗位资质 0 人）。",
    },
    {
      "evidence": "刘燕琼在 360 分钟恢复期内连续承担高负荷岗位；为保证岗位完整性，已超保护仍安排，请复核现场承受能力。",
      "group": "rule-execution",
      "key": "high-load",
      "label": "连续高负荷",
      "level": "attention",
      "status": "需复核",
      "text": "刘燕琼在 360 分钟恢复期内连续承担高负荷岗位；为保证岗位完整性，已超保护仍安排，请复核现场承受能力。",
    },
    {
      "evidence": "暂无最近工作日归档，无法执行跨工作班动态负荷互补。",
      "group": "rule-execution",
      "key": "cross-workday-load",
      "label": "跨工作班动态平衡",
      "level": "info",
      "status": "无基准",
      "text": "暂无最近工作日归档，无法执行跨工作班动态负荷互补。",
    },
    {
      "evidence": "一号、申报、督导、控制和送资料岗位未出现需要调整的同岗高频安排。",
      "group": "rule-execution",
      "key": "position-frequency-review",
      "label": "重点岗位频率均衡",
      "level": "info",
      "status": "无基准",
      "text": "一号、申报、督导、控制和送资料岗位未出现需要调整的同岗高频安排。",
    },
    {
      "evidence": "没有触发连续轮岗复核；上一工作班未出现同一人员承担相同航班与岗位的连续记录。",
      "group": "rule-execution",
      "key": "position-rotation",
      "label": "连续轮岗复核",
      "level": "info",
      "status": "无基准",
      "text": "没有触发连续轮岗复核；上一工作班未出现同一人员承担相同航班与岗位的连续记录。",
    },
    {
      "evidence": "秦雁将在2026-07-20值班，本班已避开全部重点岗位。",
      "group": "rule-execution",
      "key": "next-duty-rest",
      "label": "下班次值班预休",
      "level": "ok",
      "status": "已执行",
      "text": "秦雁将在2026-07-20值班，本班已避开全部重点岗位。",
    },
    {
      "evidence": "暂无最近工作日归档，无法核对跨工作日恢复保护。",
      "group": "rule-execution",
      "key": "previous-late",
      "label": "上一工作日晚班人员跟踪",
      "level": "info",
      "status": "无基准",
      "text": "暂无最近工作日归档，无法核对跨工作日恢复保护。",
    },
    {
      "evidence": "本班最后一批末班重点岗位人员：董玲 TR 督导、肖萍 TR 一号、陈睿康 TR 申报、华嘉慧 TR 送资料；董玲、肖萍、陈睿康等 4 人下个工作日需执行恢复保护。",
      "group": "rule-execution",
      "key": "current-late",
      "label": "本班末班人员预告",
      "level": "ok",
      "status": "已执行",
      "text": "本班最后一批末班重点岗位人员：董玲 TR 督导、肖萍 TR 一号、陈睿康 TR 申报、华嘉慧 TR 送资料；董玲、肖萍、陈睿康等 4 人下个工作日需执行恢复保护。",
    },
    {
      "evidence": "CX航前未配置；值班肖萍（+12 点疲劳）；备勤严晓珂（TR121/H08）、董玲（TR121/督导）。轮值未完整配置，或值班与其他轮值发生冲突，需要调整；CX航前与备勤允许同人兼任。12点前上午航班规则无法核验。 本月工作日不足，黄海盈、曾子卓备勤未满 2 次；值班优先，缺额只作说明、不计违约。",
      "group": "rule-execution",
      "key": "duty-roster",
      "label": "值班与轮值",
      "level": "attention",
      "status": "需复核",
      "text": "CX航前未配置；值班肖萍（+12 点疲劳）；备勤严晓珂（TR121/H08）、董玲（TR121/督导）。轮值未完整配置，或值班与其他轮值发生冲突，需要调整；CX航前与备勤允许同人兼任。12点前上午航班规则无法核验。 本月工作日不足，黄海盈、曾子卓备勤未满 2 次；值班优先，缺额只作说明、不计违约。",
    },
  ],
  "unfilledCount": 1,
  "warnings": [
    "CX937 / 超规柜台 因合格人数不足而无法填满（缺少 1 人：具备岗位资质 0 人）",
  ],
}
`;
